> Task :app:clean
> Task :app:preBuild UP-TO-DATE
> Task :app:preDebugBuild UP-TO-DATE
> Task :app:mergeDebugNativeDebugMetadata NO-SOURCE
> Task :app:checkKotlinGradlePluginConfigurationErrors
> Task :app:generateDebugBuildConfig FROM-CACHE
> Task :app:generateDebugResValues FROM-CACHE
> Task :app:mapDebugSourceSetPaths
> Task :app:generateDebugResources UP-TO-DATE
> Task :app:checkDebugAarMetadata
> Task :app:mergeDebugResources FROM-CACHE
> Task :app:packageDebugResources FROM-CACHE
> Task :app:parseDebugLocalResources FROM-CACHE
> Task :app:createDebugCompatibleScreenManifests
> Task :app:extractDeepLinksDebug FROM-CACHE
> Task :app:processDebugMainManifest FROM-CACHE
> Task :app:processDebugManifest FROM-CACHE
> Task :app:processDebugManifestForPackage FROM-CACHE
> Task :app:processDebugResources FROM-CACHE
> Task :app:kaptGenerateStubsDebugKotlin FROM-CACHE
> Task :app:kaptDebugKotlin FROM-CACHE
> Task :app:javaPreCompileDebug FROM-CACHE
> Task :app:mergeDebugShaders FROM-CACHE
> Task :app:compileDebugShaders NO-SOURCE
> Task :app:generateDebugAssets UP-TO-DATE
> Task :app:mergeDebugAssets FROM-CACHE
> Task :app:compressDebugAssets FROM-CACHE
> Task :app:desugarDebugFileDependencies FROM-CACHE
> Task :app:mergeDebugJniLibFolders FROM-CACHE
> Task :app:validateSigningDebug
> Task :app:writeDebugAppMetadata
> Task :app:writeDebugSigningConfigVersions
> Task :app:buildKotlinToolingMetadata
> Task :app:preReleaseBuild UP-TO-DATE
> Task :app:generateReleaseBuildConfig FROM-CACHE
> Task :app:checkReleaseAarMetadata
> Task :app:generateReleaseResValues FROM-CACHE
> Task :app:mapReleaseSourceSetPaths
> Task :app:generateReleaseResources UP-TO-DATE
> Task :app:checkDebugDuplicateClasses
> Task :app:mergeReleaseResources FROM-CACHE
> Task :app:mergeDebugNativeLibs
> Task :app:mergeExtDexDebug FROM-CACHE
> Task :app:mergeLibDexDebug FROM-CACHE
> Task :app:packageReleaseResources FROM-CACHE
> Task :app:parseReleaseLocalResources FROM-CACHE
> Task :app:createReleaseCompatibleScreenManifests
> Task :app:extractDeepLinksRelease FROM-CACHE
> Task :app:processReleaseMainManifest FROM-CACHE
> Task :app:processReleaseManifest FROM-CACHE
> Task :app:processReleaseManifestForPackage FROM-CACHE

> Task :app:stripDebugDebugSymbols
Unable to strip the following libraries, packaging them as they are: libc++_shared.so, libimage_processing_util_jni.so, libopencv_java4.so, libtensorflowlite_gpu_jni.so, libtensorflowlite_jni.so.

> Task :app:processReleaseResources FROM-CACHE
> Task :app:kaptGenerateStubsReleaseKotlin FROM-CACHE
> Task :app:kaptReleaseKotlin FROM-CACHE
> Task :app:javaPreCompileRelease FROM-CACHE
> Task :app:extractProguardFiles
> Task :app:mergeReleaseJniLibFolders FROM-CACHE
> Task :app:checkReleaseDuplicateClasses
> Task :app:mergeReleaseArtProfile
> Task :app:mergeReleaseShaders FROM-CACHE
> Task :app:compileReleaseShaders NO-SOURCE
> Task :app:generateReleaseAssets UP-TO-DATE
> Task :app:mergeReleaseAssets FROM-CACHE
> Task :app:compressReleaseAssets FROM-CACHE
> Task :app:processApplicationManifestReleaseForBundle
> Task :app:bundleReleaseResources FROM-CACHE
> Task :app:mergeReleaseNativeLibs
> Task :app:collectReleaseDependencies
> Task :app:sdkReleaseDependencyData
> Task :app:writeReleaseAppMetadata
> Task :app:writeReleaseSigningConfigVersions
> Task :app:preDebugAndroidTestBuild SKIPPED
> Task :app:generateDebugAndroidTestResValues FROM-CACHE
> Task :app:preDebugUnitTestBuild UP-TO-DATE
> Task :app:javaPreCompileDebugUnitTest FROM-CACHE
> Task :app:preReleaseUnitTestBuild UP-TO-DATE
> Task :app:javaPreCompileReleaseUnitTest FROM-CACHE

> Task :app:stripReleaseDebugSymbols
Unable to strip the following libraries, packaging them as they are: libc++_shared.so, libimage_processing_util_jni.so, libopencv_java4.so, libtensorflowlite_gpu_jni.so, libtensorflowlite_jni.so.

> Task :app:extractReleaseNativeSymbolTables FROM-CACHE
> Task :app:mergeReleaseNativeDebugMetadata NO-SOURCE
> Task :app:compileDebugKotlin

> Task :app:compileDebugKotlin FAILED

> Task :app:compileReleaseKotlin FAILED

Deprecated Gradle features were used in this build, making it incompatible with Gradle 9.0.

You can use '--warning-mode all' to show the individual deprecation warnings and determine if they come from your own scripts or plugins.

For more on this, please refer to https://docs.gradle.org/8.9/userguide/command_line_interface.html#sec:command_line_warnings in the Gradle documentation.
69 actionable tasks: 27 executed, 42 from cache
